// Jest Snapshot v1, https://goo.gl/fbAQLP

exports[`report statement should renders correctly 1`] = `
<div>
  <h1>
    Statement for 
    BigCo
  </h1>
  <ol>
    <li>
      Hamlet
      : 
      $650.00
       (
      55
       seats)
    </li>
    <li>
      As You Like It
      : 
      $580.00
       (
      35
       seats)
    </li>
    <li>
      Othello
      : 
      $400.00
       (
      29
       seats)
    </li>
    <li>
      The Merchant of Venice
      : 
      $357.00
       (
      19
       seats)
    </li>
  </ol>
  <p>
    Amount owed is 
    $1,987.00
  </p>
  <p>
    You earned 
    40
     credits
  </p>
</div>
`;
